==========================================
search in TEST-ENV-TRANSITION-SEMANTICS : execEnv(time([0]) mode(loc(r("mode",
    0))) vargen(< "G",5,5 >) sampling(cr1 :(0,1)) response(cr1 :(4/7,3)) jumps(
    (loc([0]) -[on1]-> loc([1])) ; loc([1]) -[off1]-> loc([0])) flows((loc([0])
    [x(t)= (c[x] - (v[t] * [[1.0000000000000001e-1]]))]) ; loc([1]) [x(t)= (c[
    x] + (v[t] * [[2.0000000000000001e-1]]))]) bcf envcon(conx, envports)) =>+
    RESULT:BATransResult .

Solution 1 (state 11)
states: 12  rewrites: 611
RESULT:BATransResult --> loc([0]) | on1 |-> ([0] # b(0) : [true]), on2 |-> ([0]
    # b(1) : [true]), off1 |-> ([0] # b(2) : [true]), off2 |-> ([0] # b(3) : [
    true]), a |-> [3/4] + - r("G", 5) * [3602879701896397/36028797018963968] #
    [true] | x |=> [3/4] + - r("G", 6) * [3602879701896397/36028797018963968] #
    [true], y |=> r("y", 0) # [true] | not [2] < r("G", 5) and not r("G", 5) <
    [0] and not r("G", 6) < r("G", 5) and r("G", 6) === [5] and r("mode", 0)
    === [0] | < "G",7,5 >

Solution 2 (state 12)
states: 13  rewrites: 852
RESULT:BATransResult --> loc([1]) | on1 |-> ([0] # b(0) : [true]), on2 |-> ([0]
    # b(1) : [true]), off1 |-> ([0] # b(2) : [true]), off2 |-> ([0] # b(3) : [
    true]), a |-> [3/4] + [3602879701896397/18014398509481984] * r("G", 5) # [
    true] | x |=> [3/4] + - r("G", 5) * [3602879701896397/18014398509481984] +
    [3602879701896397/18014398509481984] * r("G", 5) + [
    3602879701896397/18014398509481984] * r("G", 6) # [true], y |=> r("y", 0) #
    [true] | not [2] < r("G", 5) and not r("G", 5) < [0] and not r("G", 6) < r(
    "G", 5) and r("G", 6) === [5] and r("mode", 0) === [1] | < "G",7,5 >

No more solutions.
states: 13  rewrites: 992
==========================================
search in TEST-ENV-TRANSITION-SEMANTICS : execEnv(time([0]) mode(loc(r("mode",
    0))) vargen(< "G",5,5 >) sampling((cr1 :(0,1), cr2 :(3/2,5/2))) response((
    cr1 :(4/7,3), cr2 :(13/4,4))) jumps(trans) flows(flows) bcf envcon(conx,
    envports)) =>+ RESULT:BATransResult .

Solution 1 (state 137)
states: 138  rewrites: 12442
RESULT:BATransResult --> loc([0]) | on1 |-> ([0] # b(0) : [true]), on2 |-> ([0]
    # b(1) : [true]), off1 |-> ([0] # b(2) : [true]), off2 |-> ([0] # b(3) : [
    true]), a |-> [3/4] + - r("G", 5) * [3602879701896397/36028797018963968] #
    [true], b |-> - r("G", 6) * [5404319552844595/18014398509481984] + r("y",
    0) # [true] | x |=> [3/4] + - r("G", 7) * [
    3602879701896397/36028797018963968] # [true], y |=> - r("G", 7) * [
    5404319552844595/18014398509481984] + r("y", 0) # [true] | not [2] < r("G",
    5) and not [7/2] < r("G", 6) and not r("G", 5) < [0] and not r("G", 6) < [
    3/2] and not r("G", 6) < r("G", 5) and not r("G", 7) < r("G", 6) and r("G",
    7) === [5] and r("mode", 0) === [0] | < "G",8,5 >

Solution 2 (state 138)
states: 139  rewrites: 12984
RESULT:BATransResult --> loc([0]) | on1 |-> ([0] # b(0) : [true]), on2 |-> ([0]
    # b(1) : [true]), off1 |-> ([0] # b(2) : [true]), off2 |-> ([0] # b(3) : [
    true]), a |-> [3/4] + - r("G", 6) * [3602879701896397/36028797018963968] #
    [true], b |-> - r("G", 5) * [5404319552844595/18014398509481984] + r("y",
    0) # [true] | x |=> [3/4] + - r("G", 7) * [
    3602879701896397/36028797018963968] # [true], y |=> - r("G", 7) * [
    5404319552844595/18014398509481984] + r("y", 0) # [true] | not [2] < r("G",
    6) and not [7/2] < r("G", 5) and not r("G", 5) < [0] and not r("G", 5) < [
    3/2] and not r("G", 6) < [0] and not r("G", 6) < r("G", 5) and not r("G",
    7) < r("G", 6) and r("G", 7) === [5] and r("mode", 0) === [0] | < "G",8,5 >

Solution 3 (state 139)
states: 140  rewrites: 13538
RESULT:BATransResult --> loc([1]) | on1 |-> ([0] # b(0) : [true]), on2 |-> ([0]
    # b(1) : [true]), off1 |-> ([0] # b(2) : [true]), off2 |-> ([0] # b(3) : [
    true]), a |-> [3/4] + - r("G", 5) * [3602879701896397/36028797018963968] #
    [true], b |-> - r("G", 5) * [1/2] + [1/2] * r("G", 5) + [1/2] * r("G", 6) +
    r("y", 0) # [true] | x |=> [3/4] + - r("G", 7) * [
    3602879701896397/36028797018963968] # [true], y |=> - r("G", 5) * [1/2] + -
    r("G", 6) * [1/2] + [1/2] * r("G", 5) + [1/2] * r("G", 6) + [1/2] * r("G",
    7) + r("y", 0) # [true] | not [2] < r("G", 5) and not [7/2] < r("G", 6) and
    not r("G", 5) < [0] and not r("G", 6) < [3/2] and not r("G", 6) < r("G", 5)
    and not r("G", 7) < r("G", 6) and r("G", 7) === [5] and r("mode", 0) === [
    1] | < "G",8,5 >

Solution 4 (state 140)
states: 141  rewrites: 14075
RESULT:BATransResult --> loc([1]) | on1 |-> ([0] # b(0) : [true]), on2 |-> ([0]
    # b(1) : [true]), off1 |-> ([0] # b(2) : [true]), off2 |-> ([0] # b(3) : [
    true]), a |-> [3/4] + - r("G", 6) * [3602879701896397/36028797018963968] #
    [true], b |-> [1/2] * r("G", 5) + r("y", 0) # [true] | x |=> [3/4] + - r(
    "G", 7) * [3602879701896397/36028797018963968] # [true], y |=> - r("G", 5)
    * [1/2] + - r("G", 6) * [1/2] + [1/2] * r("G", 5) + [1/2] * r("G", 6) + [
    1/2] * r("G", 7) + r("y", 0) # [true] | not [2] < r("G", 6) and not [7/2] <
    r("G", 5) and not r("G", 5) < [0] and not r("G", 5) < [3/2] and not r("G",
    6) < [0] and not r("G", 6) < r("G", 5) and not r("G", 7) < r("G", 6) and r(
    "G", 7) === [5] and r("mode", 0) === [1] | < "G",8,5 >

Solution 5 (state 141)
states: 142  rewrites: 14624
RESULT:BATransResult --> loc([2]) | on1 |-> ([0] # b(0) : [true]), on2 |-> ([0]
    # b(1) : [true]), off1 |-> ([0] # b(2) : [true]), off2 |-> ([0] # b(3) : [
    true]), a |-> [3/4] + [3602879701896397/18014398509481984] * r("G", 5) # [
    true], b |-> - r("G", 6) * [5404319552844595/18014398509481984] + r("y", 0)
    # [true] | x |=> [3/4] + - r("G", 5) * [3602879701896397/18014398509481984]
    + - r("G", 6) * [3602879701896397/18014398509481984] + [
    3602879701896397/18014398509481984] * r("G", 5) + [
    3602879701896397/18014398509481984] * r("G", 6) + [
    3602879701896397/18014398509481984] * r("G", 7) # [true], y |=> - r("G", 7)
    * [5404319552844595/18014398509481984] + r("y", 0) # [true] | not [2] < r(
    "G", 5) and not [7/2] < r("G", 6) and not r("G", 5) < [0] and not r("G", 6)
    < [3/2] and not r("G", 6) < r("G", 5) and not r("G", 7) < r("G", 6) and r(
    "G", 7) === [5] and r("mode", 0) === [2] | < "G",8,5 >

Solution 6 (state 142)
states: 143  rewrites: 15158
RESULT:BATransResult --> loc([2]) | on1 |-> ([0] # b(0) : [true]), on2 |-> ([0]
    # b(1) : [true]), off1 |-> ([0] # b(2) : [true]), off2 |-> ([0] # b(3) : [
    true]), a |-> [3/4] + - r("G", 5) * [3602879701896397/18014398509481984] +
    [3602879701896397/18014398509481984] * r("G", 5) + [
    3602879701896397/18014398509481984] * r("G", 6) # [true], b |-> - r("G", 5)
    * [5404319552844595/18014398509481984] + r("y", 0) # [true] | x |=> [3/4] +
    - r("G", 5) * [3602879701896397/18014398509481984] + - r("G", 6) * [
    3602879701896397/18014398509481984] + [3602879701896397/18014398509481984]
    * r("G", 5) + [3602879701896397/18014398509481984] * r("G", 6) + [
    3602879701896397/18014398509481984] * r("G", 7) # [true], y |=> - r("G", 7)
    * [5404319552844595/18014398509481984] + r("y", 0) # [true] | not [2] < r(
    "G", 6) and not [7/2] < r("G", 5) and not r("G", 5) < [0] and not r("G", 5)
    < [3/2] and not r("G", 6) < [0] and not r("G", 6) < r("G", 5) and not r(
    "G", 7) < r("G", 6) and r("G", 7) === [5] and r("mode", 0) === [2] | < "G",
    8,5 >

Solution 7 (state 143)
states: 144  rewrites: 15704
RESULT:BATransResult --> loc([3]) | on1 |-> ([0] # b(0) : [true]), on2 |-> ([0]
    # b(1) : [true]), off1 |-> ([0] # b(2) : [true]), off2 |-> ([0] # b(3) : [
    true]), a |-> [3/4] + [3602879701896397/18014398509481984] * r("G", 5) # [
    true], b |-> - r("G", 5) * [1/2] + [1/2] * r("G", 5) + [1/2] * r("G", 6) +
    r("y", 0) # [true] | x |=> [3/4] + - r("G", 5) * [
    3602879701896397/18014398509481984] + - r("G", 6) * [
    3602879701896397/18014398509481984] + [3602879701896397/18014398509481984]
    * r("G", 5) + [3602879701896397/18014398509481984] * r("G", 6) + [
    3602879701896397/18014398509481984] * r("G", 7) # [true], y |=> - r("G", 5)
    * [1/2] + - r("G", 6) * [1/2] + [1/2] * r("G", 5) + [1/2] * r("G", 6) + [
    1/2] * r("G", 7) + r("y", 0) # [true] | not [2] < r("G", 5) and not [7/2] <
    r("G", 6) and not r("G", 5) < [0] and not r("G", 6) < [3/2] and not r("G",
    6) < r("G", 5) and not r("G", 7) < r("G", 6) and r("G", 7) === [5] and r(
    "mode", 0) === [3] | < "G",8,5 >

Solution 8 (state 144)
states: 145  rewrites: 16233
RESULT:BATransResult --> loc([3]) | on1 |-> ([0] # b(0) : [true]), on2 |-> ([0]
    # b(1) : [true]), off1 |-> ([0] # b(2) : [true]), off2 |-> ([0] # b(3) : [
    true]), a |-> [3/4] + - r("G", 5) * [3602879701896397/18014398509481984] +
    [3602879701896397/18014398509481984] * r("G", 5) + [
    3602879701896397/18014398509481984] * r("G", 6) # [true], b |-> [1/2] * r(
    "G", 5) + r("y", 0) # [true] | x |=> [3/4] + - r("G", 5) * [
    3602879701896397/18014398509481984] + - r("G", 6) * [
    3602879701896397/18014398509481984] + [3602879701896397/18014398509481984]
    * r("G", 5) + [3602879701896397/18014398509481984] * r("G", 6) + [
    3602879701896397/18014398509481984] * r("G", 7) # [true], y |=> - r("G", 5)
    * [1/2] + - r("G", 6) * [1/2] + [1/2] * r("G", 5) + [1/2] * r("G", 6) + [
    1/2] * r("G", 7) + r("y", 0) # [true] | not [2] < r("G", 6) and not [7/2] <
    r("G", 5) and not r("G", 5) < [0] and not r("G", 5) < [3/2] and not r("G",
    6) < [0] and not r("G", 6) < r("G", 5) and not r("G", 7) < r("G", 6) and r(
    "G", 7) === [5] and r("mode", 0) === [3] | < "G",8,5 >

No more solutions.
states: 145  rewrites: 16636
Bye.
