==========================================
rewrite [100] in TEST-THERMOSTAT-SYSTEM : {{initState,0} | 0 | infty} .
rewrites: 60484
result GlobalSystem: {{< top : System | properties : TimingProperties::Period
    => {{5}},features : none,subcomponents : (< controller : Thread |
    properties : ((TimingProperties::Period => {{5}}) ; (
    HybridSynchAADL::SamplingTime => {{0.0 .. 2.0}}) ;
    HybridSynchAADL::ResponseTime => {{3.0 .. 4.0}}),features : (< on :
    DataOutPort | properties : none,content : * # [false] > < off : DataOutPort
    | properties : none,content : * # [false] > < temp : DataInPort |
    properties : none,content : [0.0] # [false],cache : [
    -2.2312262632221046e+1] # [true] >),subcomponents : (< lower : Data |
    properties : DataModel::InitialValue => {{10}},features : none,
    subcomponents : none,connections : empty,value : [1.0e+1] # [true] > <
    upper : Data | properties : DataModel::InitialValue => {{30}},features :
    none,subcomponents : none,connections : empty,value : [3.0e+1] # [true] > <
    curr : Data | properties : DataModel::InitialValue => {{0}},features :
    none,subcomponents : none,connections : empty,value : [
    -2.1985775469887564e+1] # [true] >),connections : empty,varGen : <
    "top.controller" >,currState : l1,completeStates : l1,variables : x : Real,
    transitions : ((l1 -[on dispatch]-> l2 {(v{x} := ((c[curr] + f[temp]) / [[
    2]])) ; if(v[x] < c[lower])(on !) (elsif(v[x] > c[upper])off !) end if ; c{
    curr} := v[x]}) ; l2 -[otherwise]-> l1 {skip}),loopBound : 0,transBound : 2
    > < environment : EnvWithTimer | properties : ((TimingProperties::Period =>
    {{5}}) ; HybridSynchAADL::MaxClockDeviation => {{1.0000000000000001e-1}}),
    features : (< on : EnvInPort | properties : none,content : * # [false],
    envCache : null(Unit),target : controller > < off : EnvInPort | properties
    : none,content : * # [false],envCache : null(Unit),target : controller > <
    out : EnvOutPort | properties : none,content : [0.0] # [false],envCache :
    null(Real),target : controller >),subcomponents : < x : Data | properties :
    DataModel::InitialValue => {{16}},features : none,subcomponents : none,
    connections : empty,value : [-2.2787438564991451e+1] # [true] >,connections
    : x ==> out,varGen : < "top.environment" >,currMode : l2,jumps : ((l1 -[
    on]-> l2) ; (l1 -[off]-> l1) ; (l2 -[on]-> l2) ; l2 -[off]-> l1),flows : ((
    l1 [x(t)= (c[x] + (v[t] * [[2.0000000000000001e-1]]))]) ; l2 [x(t)= (c[x] -
    (v[t] * [[1.0000000000000001e-1]]))]),sampling : controller :(0,2),response
    : controller :(3,4),timer : 0,samplingIDs : controller,responseIDs :
    controller >),connections : (((controller .. on) --> (environment .. on)) ;
    ((controller .. off) --> (environment .. off)) ; (environment .. out) --> (
    controller .. temp)) >,400} | 500 | infty}
==========================================
rewrite [100] in TEST-THERMOSTAT-SYSTEM : {{initState,400} | 0 | infty} .
rewrites: 60483
result GlobalSystem: {{< top : System | properties : TimingProperties::Period
    => {{5}},features : none,subcomponents : (< controller : Thread |
    properties : ((TimingProperties::Period => {{5}}) ; (
    HybridSynchAADL::SamplingTime => {{0.0 .. 2.0}}) ;
    HybridSynchAADL::ResponseTime => {{3.0 .. 4.0}}),features : (< on :
    DataOutPort | properties : none,content : * # [false] > < off : DataOutPort
    | properties : none,content : * # [false] > < temp : DataInPort |
    properties : none,content : [0.0] # [false],cache : [
    -2.2270313009352034e+1] # [true] >),subcomponents : (< lower : Data |
    properties : DataModel::InitialValue => {{10}},features : none,
    subcomponents : none,connections : empty,value : [1.0e+1] # [true] > <
    upper : Data | properties : DataModel::InitialValue => {{30}},features :
    none,subcomponents : none,connections : empty,value : [3.0e+1] # [true] > <
    curr : Data | properties : DataModel::InitialValue => {{0}},features :
    none,subcomponents : none,connections : empty,value : [
    -2.1868549255382639e+1] # [true] >),connections : empty,varGen : <
    "top.controller" >,currState : l1,completeStates : l1,variables : x : Real,
    transitions : ((l1 -[on dispatch]-> l2 {(v{x} := ((c[curr] + f[temp]) / [[
    2]])) ; if(v[x] < c[lower])(on !) (elsif(v[x] > c[upper])off !) end if ; c{
    curr} := v[x]}) ; l2 -[otherwise]-> l1 {skip}),loopBound : 0,transBound : 2
    > < environment : EnvWithTimer | properties : ((TimingProperties::Period =>
    {{5}}) ; HybridSynchAADL::MaxClockDeviation => {{1.0000000000000001e-1}}),
    features : (< on : EnvInPort | properties : none,content : * # [false],
    envCache : null(Unit),target : controller > < off : EnvInPort | properties
    : none,content : * # [false],envCache : null(Unit),target : controller > <
    out : EnvOutPort | properties : none,content : [0.0] # [false],envCache :
    null(Real),target : controller >),subcomponents : < x : Data | properties :
    DataModel::InitialValue => {{16}},features : none,subcomponents : none,
    connections : empty,value : [-2.2536299369227216e+1] # [true] >,connections
    : x ==> out,varGen : < "top.environment" >,currMode : l2,jumps : ((l1 -[
    on]-> l2) ; (l1 -[off]-> l1) ; (l2 -[on]-> l2) ; l2 -[off]-> l1),flows : ((
    l1 [x(t)= (c[x] + (v[t] * [[2.0000000000000001e-1]]))]) ; l2 [x(t)= (c[x] -
    (v[t] * [[1.0000000000000001e-1]]))]),sampling : controller :(0,2),response
    : controller :(3,4),timer : 0,samplingIDs : controller,responseIDs :
    controller >),connections : (((controller .. on) --> (environment .. on)) ;
    ((controller .. off) --> (environment .. off)) ; (environment .. out) --> (
    controller .. temp)) >,800} | 500 | infty}
==========================================
rewrite [100] in TEST-THERMOSTAT-SYSTEM : {{initState,800} | 0 | infty} .
rewrites: 60588
result GlobalSystem: {{< top : System | properties : TimingProperties::Period
    => {{5}},features : none,subcomponents : (< controller : Thread |
    properties : ((TimingProperties::Period => {{5}}) ; (
    HybridSynchAADL::SamplingTime => {{0.0 .. 2.0}}) ;
    HybridSynchAADL::ResponseTime => {{3.0 .. 4.0}}),features : (< on :
    DataOutPort | properties : none,content : * # [false] > < off : DataOutPort
    | properties : none,content : * # [false] > < temp : DataInPort |
    properties : none,content : [0.0] # [false],cache : [
    -2.1730930772598587e+1] # [true] >),subcomponents : (< lower : Data |
    properties : DataModel::InitialValue => {{10}},features : none,
    subcomponents : none,connections : empty,value : [1.0e+1] # [true] > <
    upper : Data | properties : DataModel::InitialValue => {{30}},features :
    none,subcomponents : none,connections : empty,value : [3.0e+1] # [true] > <
    curr : Data | properties : DataModel::InitialValue => {{0}},features :
    none,subcomponents : none,connections : empty,value : [
    -2.1404449953144265e+1] # [true] >),connections : empty,varGen : <
    "top.controller" >,currState : l1,completeStates : l1,variables : x : Real,
    transitions : ((l1 -[on dispatch]-> l2 {(v{x} := ((c[curr] + f[temp]) / [[
    2]])) ; if(v[x] < c[lower])(on !) (elsif(v[x] > c[upper])off !) end if ; c{
    curr} := v[x]}) ; l2 -[otherwise]-> l1 {skip}),loopBound : 0,transBound : 2
    > < environment : EnvWithTimer | properties : ((TimingProperties::Period =>
    {{5}}) ; HybridSynchAADL::MaxClockDeviation => {{1.0000000000000001e-1}}),
    features : (< on : EnvInPort | properties : none,content : * # [false],
    envCache : null(Unit),target : controller > < off : EnvInPort | properties
    : none,content : * # [false],envCache : null(Unit),target : controller > <
    out : EnvOutPort | properties : none,content : [0.0] # [false],envCache :
    null(Real),target : controller >),subcomponents : < x : Data | properties :
    DataModel::InitialValue => {{16}},features : none,subcomponents : none,
    connections : empty,value : [-2.2228647339816359e+1] # [true] >,connections
    : x ==> out,varGen : < "top.environment" >,currMode : l2,jumps : ((l1 -[
    on]-> l2) ; (l1 -[off]-> l1) ; (l2 -[on]-> l2) ; l2 -[off]-> l1),flows : ((
    l1 [x(t)= (c[x] + (v[t] * [[2.0000000000000001e-1]]))]) ; l2 [x(t)= (c[x] -
    (v[t] * [[1.0000000000000001e-1]]))]),sampling : controller :(0,2),response
    : controller :(3,4),timer : 0,samplingIDs : controller,responseIDs :
    controller >),connections : (((controller .. on) --> (environment .. on)) ;
    ((controller .. off) --> (environment .. off)) ; (environment .. out) --> (
    controller .. temp)) >,1200} | 500 | infty}
==========================================
rewrite [100] in TEST-THERMOSTAT-SYSTEM : {{initState,1200} | 0 | infty} .
rewrites: 60476
result GlobalSystem: {{< top : System | properties : TimingProperties::Period
    => {{5}},features : none,subcomponents : (< controller : Thread |
    properties : ((TimingProperties::Period => {{5}}) ; (
    HybridSynchAADL::SamplingTime => {{0.0 .. 2.0}}) ;
    HybridSynchAADL::ResponseTime => {{3.0 .. 4.0}}),features : (< on :
    DataOutPort | properties : none,content : * # [false] > < off : DataOutPort
    | properties : none,content : * # [false] > < temp : DataInPort |
    properties : none,content : [0.0] # [false],cache : [
    -2.2530944733422004e+1] # [true] >),subcomponents : (< lower : Data |
    properties : DataModel::InitialValue => {{10}},features : none,
    subcomponents : none,connections : empty,value : [1.0e+1] # [true] > <
    upper : Data | properties : DataModel::InitialValue => {{30}},features :
    none,subcomponents : none,connections : empty,value : [3.0e+1] # [true] > <
    curr : Data | properties : DataModel::InitialValue => {{0}},features :
    none,subcomponents : none,connections : empty,value : [
    -2.2266868452431513e+1] # [true] >),connections : empty,varGen : <
    "top.controller" >,currState : l1,completeStates : l1,variables : x : Real,
    transitions : ((l1 -[on dispatch]-> l2 {(v{x} := ((c[curr] + f[temp]) / [[
    2]])) ; if(v[x] < c[lower])(on !) (elsif(v[x] > c[upper])off !) end if ; c{
    curr} := v[x]}) ; l2 -[otherwise]-> l1 {skip}),loopBound : 0,transBound : 2
    > < environment : EnvWithTimer | properties : ((TimingProperties::Period =>
    {{5}}) ; HybridSynchAADL::MaxClockDeviation => {{1.0000000000000001e-1}}),
    features : (< on : EnvInPort | properties : none,content : * # [false],
    envCache : null(Unit),target : controller > < off : EnvInPort | properties
    : none,content : * # [false],envCache : null(Unit),target : controller > <
    out : EnvOutPort | properties : none,content : [0.0] # [false],envCache :
    null(Real),target : controller >),subcomponents : < x : Data | properties :
    DataModel::InitialValue => {{16}},features : none,subcomponents : none,
    connections : empty,value : [-2.2932179281164935e+1] # [true] >,connections
    : x ==> out,varGen : < "top.environment" >,currMode : l2,jumps : ((l1 -[
    on]-> l2) ; (l1 -[off]-> l1) ; (l2 -[on]-> l2) ; l2 -[off]-> l1),flows : ((
    l1 [x(t)= (c[x] + (v[t] * [[2.0000000000000001e-1]]))]) ; l2 [x(t)= (c[x] -
    (v[t] * [[1.0000000000000001e-1]]))]),sampling : controller :(0,2),response
    : controller :(3,4),timer : 0,samplingIDs : controller,responseIDs :
    controller >),connections : (((controller .. on) --> (environment .. on)) ;
    ((controller .. off) --> (environment .. off)) ; (environment .. out) --> (
    controller .. temp)) >,1600} | 500 | infty}
Bye.
