==========================================
rewrite [100] in TEST-THERMOSTAT-SYSTEM : {{initState,0} | 0 | infty} .
rewrites: 77680
result GlobalSystem: {{< top : System | properties : TimingProperties::Period
    => {{5}},features : none,subcomponents : (< controller : Thread |
    properties : ((TimingProperties::Period => {{5}}) ; (
    HybridSynchAADL::SamplingTime => {{0.0 .. 2.0}}) ;
    HybridSynchAADL::ResponseTime => {{3.0 .. 4.0}}),features : (< on :
    DataOutPort | properties : none,content : [0.0] # [false] > < off :
    DataOutPort | properties : none,content : [0.0] # [false] > < temp :
    DataInPort | properties : none,content : [0.0] # [false],cache : [
    2.0754170078983083e+1] # [true] >),subcomponents : (< lower : Data |
    properties : DataModel::InitialValue => {{10}},features : none,
    subcomponents : none,connections : empty,value : [1.0e+1] # [true] > <
    upper : Data | properties : DataModel::InitialValue => {{30}},features :
    none,subcomponents : none,connections : empty,value : [3.0e+1] # [true] > <
    curr : Data | properties : DataModel::InitialValue => {{15}},features :
    none,subcomponents : none,connections : empty,value : [
    2.2095907193887349e+1] # [true] >),connections : empty,varGen : <
    "top.controller" >,currState : init,completeStates : init,variables : x :
    Real,transitions : ((init -[on dispatch]-> state {(v{x} := ((c[curr] + f[
    temp]) / [[2]])) ; if(v[x] < c[lower])(on !([[1]])) (elsif(v[x] > c[
    upper])off !([[-1]])) end if ; c{curr} := v[x]}) ; state -[otherwise]->
    init {skip}),loopBound : 0,transBound : 2 > < environment : EnvWithTimer |
    properties : ((TimingProperties::Period => {{5}}) ;
    HybridSynchAADL::MaxClockDeviation => {{1.0000000000000001e-1}}),features :
    (< on : EnvInPort | properties : none,content : [0.0] # [false],envCache :
    null(Real),target : controller > < off : EnvInPort | properties : none,
    content : [0.0] # [false],envCache : null(Real),target : controller > < out
    : EnvOutPort | properties : none,content : [0.0] # [false],envCache : null(
    Real),target : controller >),subcomponents : (< x : Data | properties :
    DataModel::InitialValue => {{0}},features : none,subcomponents : none,
    connections : empty,value : [2.070452194452389e+1] # [true] > < e : Data |
    properties : DataModel::InitialValue => {{0}},features : none,subcomponents
    : none,connections : empty,value : [-1.0] # [true] >),connections : ((x ==>
    out) ; (on =>> e) ; off =>> e),varGen : < "top.environment" >,currMode :
    init,jumps : ((init -[on]-> state) ; (init -[off]-> init) ; (state -[on]->
    state) ; state -[off]-> init),flows : ((init [x(t)= ((c[x] + c[e]) + (v[t]
    * [[2.0000000000000001e-1]]))]) ; state [x(t)= ((c[x] + c[e]) - (v[t] * [[
    1.0000000000000001e-1]]))]),sampling : controller :(0,2),response :
    controller :(3,4),timer : 0,samplingIDs : controller,responseIDs :
    controller >),connections : (((controller .. on) --> (environment .. on)) ;
    ((controller .. off) --> (environment .. off)) ; (environment .. out) --> (
    controller .. temp)) >,400} | 500 | infty}
==========================================
rewrite [100] in TEST-THERMOSTAT-SYSTEM : {{initState,400} | 0 | infty} .
rewrites: 77834
result GlobalSystem: {{< top : System | properties : TimingProperties::Period
    => {{5}},features : none,subcomponents : (< controller : Thread |
    properties : ((TimingProperties::Period => {{5}}) ; (
    HybridSynchAADL::SamplingTime => {{0.0 .. 2.0}}) ;
    HybridSynchAADL::ResponseTime => {{3.0 .. 4.0}}),features : (< on :
    DataOutPort | properties : none,content : [0.0] # [false] > < off :
    DataOutPort | properties : none,content : [0.0] # [false] > < temp :
    DataInPort | properties : none,content : [0.0] # [false],cache : [
    1.945248908901414e+1] # [true] >),subcomponents : (< lower : Data |
    properties : DataModel::InitialValue => {{10}},features : none,
    subcomponents : none,connections : empty,value : [1.0e+1] # [true] > <
    upper : Data | properties : DataModel::InitialValue => {{30}},features :
    none,subcomponents : none,connections : empty,value : [3.0e+1] # [true] > <
    curr : Data | properties : DataModel::InitialValue => {{15}},features :
    none,subcomponents : none,connections : empty,value : [
    2.0646847108056093e+1] # [true] >),connections : empty,varGen : <
    "top.controller" >,currState : init,completeStates : init,variables : x :
    Real,transitions : ((init -[on dispatch]-> state {(v{x} := ((c[curr] + f[
    temp]) / [[2]])) ; if(v[x] < c[lower])(on !([[1]])) (elsif(v[x] > c[
    upper])off !([[-1]])) end if ; c{curr} := v[x]}) ; state -[otherwise]->
    init {skip}),loopBound : 0,transBound : 2 > < environment : EnvWithTimer |
    properties : ((TimingProperties::Period => {{5}}) ;
    HybridSynchAADL::MaxClockDeviation => {{1.0000000000000001e-1}}),features :
    (< on : EnvInPort | properties : none,content : [0.0] # [false],envCache :
    null(Real),target : controller > < off : EnvInPort | properties : none,
    content : [0.0] # [false],envCache : null(Real),target : controller > < out
    : EnvOutPort | properties : none,content : [0.0] # [false],envCache : null(
    Real),target : controller >),subcomponents : (< x : Data | properties :
    DataModel::InitialValue => {{0}},features : none,subcomponents : none,
    connections : empty,value : [1.8984461808764504e+1] # [true] > < e : Data |
    properties : DataModel::InitialValue => {{0}},features : none,subcomponents
    : none,connections : empty,value : [-1.0] # [true] >),connections : ((x ==>
    out) ; (on =>> e) ; off =>> e),varGen : < "top.environment" >,currMode :
    init,jumps : ((init -[on]-> state) ; (init -[off]-> init) ; (state -[on]->
    state) ; state -[off]-> init),flows : ((init [x(t)= ((c[x] + c[e]) + (v[t]
    * [[2.0000000000000001e-1]]))]) ; state [x(t)= ((c[x] + c[e]) - (v[t] * [[
    1.0000000000000001e-1]]))]),sampling : controller :(0,2),response :
    controller :(3,4),timer : 0,samplingIDs : controller,responseIDs :
    controller >),connections : (((controller .. on) --> (environment .. on)) ;
    ((controller .. off) --> (environment .. off)) ; (environment .. out) --> (
    controller .. temp)) >,800} | 500 | infty}
==========================================
rewrite [100] in TEST-THERMOSTAT-SYSTEM : {{initState,800} | 0 | infty} .
rewrites: 77730
result GlobalSystem: {{< top : System | properties : TimingProperties::Period
    => {{5}},features : none,subcomponents : (< controller : Thread |
    properties : ((TimingProperties::Period => {{5}}) ; (
    HybridSynchAADL::SamplingTime => {{0.0 .. 2.0}}) ;
    HybridSynchAADL::ResponseTime => {{3.0 .. 4.0}}),features : (< on :
    DataOutPort | properties : none,content : [0.0] # [false] > < off :
    DataOutPort | properties : none,content : [0.0] # [false] > < temp :
    DataInPort | properties : none,content : [0.0] # [false],cache : [
    2.0996561654716857e+1] # [true] >),subcomponents : (< lower : Data |
    properties : DataModel::InitialValue => {{10}},features : none,
    subcomponents : none,connections : empty,value : [1.0e+1] # [true] > <
    upper : Data | properties : DataModel::InitialValue => {{30}},features :
    none,subcomponents : none,connections : empty,value : [3.0e+1] # [true] > <
    curr : Data | properties : DataModel::InitialValue => {{15}},features :
    none,subcomponents : none,connections : empty,value : [
    2.2339719608325169e+1] # [true] >),connections : empty,varGen : <
    "top.controller" >,currState : init,completeStates : init,variables : x :
    Real,transitions : ((init -[on dispatch]-> state {(v{x} := ((c[curr] + f[
    temp]) / [[2]])) ; if(v[x] < c[lower])(on !([[1]])) (elsif(v[x] > c[
    upper])off !([[-1]])) end if ; c{curr} := v[x]}) ; state -[otherwise]->
    init {skip}),loopBound : 0,transBound : 2 > < environment : EnvWithTimer |
    properties : ((TimingProperties::Period => {{5}}) ;
    HybridSynchAADL::MaxClockDeviation => {{1.0000000000000001e-1}}),features :
    (< on : EnvInPort | properties : none,content : [0.0] # [false],envCache :
    null(Real),target : controller > < off : EnvInPort | properties : none,
    content : [0.0] # [false],envCache : null(Real),target : controller > < out
    : EnvOutPort | properties : none,content : [0.0] # [false],envCache : null(
    Real),target : controller >),subcomponents : (< x : Data | properties :
    DataModel::InitialValue => {{0}},features : none,subcomponents : none,
    connections : empty,value : [2.09919947891524e+1] # [true] > < e : Data |
    properties : DataModel::InitialValue => {{0}},features : none,subcomponents
    : none,connections : empty,value : [-1.0] # [true] >),connections : ((x ==>
    out) ; (on =>> e) ; off =>> e),varGen : < "top.environment" >,currMode :
    init,jumps : ((init -[on]-> state) ; (init -[off]-> init) ; (state -[on]->
    state) ; state -[off]-> init),flows : ((init [x(t)= ((c[x] + c[e]) + (v[t]
    * [[2.0000000000000001e-1]]))]) ; state [x(t)= ((c[x] + c[e]) - (v[t] * [[
    1.0000000000000001e-1]]))]),sampling : controller :(0,2),response :
    controller :(3,4),timer : 0,samplingIDs : controller,responseIDs :
    controller >),connections : (((controller .. on) --> (environment .. on)) ;
    ((controller .. off) --> (environment .. off)) ; (environment .. out) --> (
    controller .. temp)) >,1200} | 500 | infty}
==========================================
rewrite [100] in TEST-THERMOSTAT-SYSTEM : {{initState,1200} | 0 | infty} .
rewrites: 77723
result GlobalSystem: {{< top : System | properties : TimingProperties::Period
    => {{5}},features : none,subcomponents : (< controller : Thread |
    properties : ((TimingProperties::Period => {{5}}) ; (
    HybridSynchAADL::SamplingTime => {{0.0 .. 2.0}}) ;
    HybridSynchAADL::ResponseTime => {{3.0 .. 4.0}}),features : (< on :
    DataOutPort | properties : none,content : [0.0] # [false] > < off :
    DataOutPort | properties : none,content : [0.0] # [false] > < temp :
    DataInPort | properties : none,content : [0.0] # [false],cache : [
    2.1200949692260679e+1] # [true] >),subcomponents : (< lower : Data |
    properties : DataModel::InitialValue => {{10}},features : none,
    subcomponents : none,connections : empty,value : [1.0e+1] # [true] > <
    upper : Data | properties : DataModel::InitialValue => {{30}},features :
    none,subcomponents : none,connections : empty,value : [3.0e+1] # [true] > <
    curr : Data | properties : DataModel::InitialValue => {{15}},features :
    none,subcomponents : none,connections : empty,value : [
    2.2667086260895321e+1] # [true] >),connections : empty,varGen : <
    "top.controller" >,currState : init,completeStates : init,variables : x :
    Real,transitions : ((init -[on dispatch]-> state {(v{x} := ((c[curr] + f[
    temp]) / [[2]])) ; if(v[x] < c[lower])(on !([[1]])) (elsif(v[x] > c[
    upper])off !([[-1]])) end if ; c{curr} := v[x]}) ; state -[otherwise]->
    init {skip}),loopBound : 0,transBound : 2 > < environment : EnvWithTimer |
    properties : ((TimingProperties::Period => {{5}}) ;
    HybridSynchAADL::MaxClockDeviation => {{1.0000000000000001e-1}}),features :
    (< on : EnvInPort | properties : none,content : [0.0] # [false],envCache :
    null(Real),target : controller > < off : EnvInPort | properties : none,
    content : [0.0] # [false],envCache : null(Real),target : controller > < out
    : EnvOutPort | properties : none,content : [0.0] # [false],envCache : null(
    Real),target : controller >),subcomponents : (< x : Data | properties :
    DataModel::InitialValue => {{0}},features : none,subcomponents : none,
    connections : empty,value : [2.100341878774654e+1] # [true] > < e : Data |
    properties : DataModel::InitialValue => {{0}},features : none,subcomponents
    : none,connections : empty,value : [-1.0] # [true] >),connections : ((x ==>
    out) ; (on =>> e) ; off =>> e),varGen : < "top.environment" >,currMode :
    init,jumps : ((init -[on]-> state) ; (init -[off]-> init) ; (state -[on]->
    state) ; state -[off]-> init),flows : ((init [x(t)= ((c[x] + c[e]) + (v[t]
    * [[2.0000000000000001e-1]]))]) ; state [x(t)= ((c[x] + c[e]) - (v[t] * [[
    1.0000000000000001e-1]]))]),sampling : controller :(0,2),response :
    controller :(3,4),timer : 0,samplingIDs : controller,responseIDs :
    controller >),connections : (((controller .. on) --> (environment .. on)) ;
    ((controller .. off) --> (environment .. off)) ; (environment .. out) --> (
    controller .. temp)) >,1600} | 500 | infty}
Bye.
