==========================================
search in TEST-ENV-TRANSITION-SEMANTICS : execEnv(time([0]) mode(loc(r("mode",
    0))) vargen(< "G",5,5 >) sampling(cr1 :(0,1)) response(cr1 :(4/7,3)) jumps(
    (loc([0]) -[on1]-> loc([1])) ; loc([1]) -[off1]-> loc([0])) flows((loc([0])
    [x(t)= (c[x] - (v[t] * [[1.0000000000000001e-1]]))]) ; loc([1]) [x(t)= (c[
    x] + (v[t] * [[2.0000000000000001e-1]]))]) bcf envcon(conx, envports)) =>+
    RESULT:BATransResult .

Solution 1 (state 7)
states: 8  rewrites: 573
RESULT:BATransResult --> loc([0]) | on1 |-> ([0] # b(0) : [true]), on2 |-> ([0]
    # b(1) : [true]), off1 |-> ([0] # b(2) : [true]), off2 |-> ([0] # b(3) : [
    true]), a |-> [3/4] + - r("G", 5) * [3602879701896397/36028797018963968] #
    [true] | x |=> [3/4] + - r("G", 6) * [3602879701896397/36028797018963968] #
    [true], y |=> r("y", 0) # [true] | not [2] < r("G", 5) and not [5] < r("G",
    5) and not [5] < r("G", 6) and not r("G", 5) < [0] and not r("G", 6) < r(
    "G", 5) and r("G", 6) === [5] and r("mode", 0) === [0] | < "G",7,5 >

Solution 2 (state 8)
states: 9  rewrites: 689
RESULT:BATransResult --> loc([1]) | on1 |-> ([0] # b(0) : [true]), on2 |-> ([0]
    # b(1) : [true]), off1 |-> ([0] # b(2) : [true]), off2 |-> ([0] # b(3) : [
    true]), a |-> [3/4] + [3602879701896397/18014398509481984] * r("G", 5) # [
    true] | x |=> [3/4] + - r("G", 5) * [3602879701896397/18014398509481984] +
    [3602879701896397/18014398509481984] * r("G", 5) + [
    3602879701896397/18014398509481984] * r("G", 6) # [true], y |=> r("y", 0) #
    [true] | not [2] < r("G", 5) and not [5] < r("G", 5) and not [5] < r("G",
    6) and not r("G", 5) < [0] and not r("G", 6) < r("G", 5) and r("G", 6) ===
    [5] and r("mode", 0) === [1] | < "G",7,5 >

No more solutions.
states: 9  rewrites: 689
==========================================
search in TEST-ENV-TRANSITION-SEMANTICS : execEnv(time([0]) mode(loc(r("mode",
    0))) vargen(< "G",5,5 >) sampling((cr1 :(0,1), cr2 :(3/2,5/2))) response((
    cr1 :(4/7,3), cr2 :(13/4,4))) jumps(trans) flows(flows) bcf envcon(conx,
    envports)) =>+ RESULT:BATransResult .

Solution 1 (state 53)
states: 54  rewrites: 4410
RESULT:BATransResult --> loc([0]) | on1 |-> ([0] # b(0) : [true]), on2 |-> ([0]
    # b(1) : [true]), off1 |-> ([0] # b(2) : [true]), off2 |-> ([0] # b(3) : [
    true]), a |-> [3/4] + - r("G", 5) * [3602879701896397/36028797018963968] #
    [true], b |-> - r("G", 6) * [5404319552844595/18014398509481984] + r("y",
    0) # [true] | x |=> [3/4] + - r("G", 7) * [
    3602879701896397/36028797018963968] # [true], y |=> - r("G", 7) * [
    5404319552844595/18014398509481984] + r("y", 0) # [true] | not [2] < r("G",
    5) and not [5] < r("G", 5) and not [5] < r("G", 6) and not [5] < r("G", 7)
    and not [7/2] < r("G", 6) and not r("G", 5) < [0] and not r("G", 6) < [3/2]
    and not r("G", 6) < r("G", 5) and not r("G", 7) < r("G", 6) and r("G", 7)
    === [5] and r("mode", 0) === [0] | < "G",8,5 >

Solution 2 (state 54)
states: 55  rewrites: 4772
RESULT:BATransResult --> loc([0]) | on1 |-> ([0] # b(0) : [true]), on2 |-> ([0]
    # b(1) : [true]), off1 |-> ([0] # b(2) : [true]), off2 |-> ([0] # b(3) : [
    true]), a |-> [3/4] + - r("G", 6) * [3602879701896397/36028797018963968] #
    [true], b |-> - r("G", 5) * [5404319552844595/18014398509481984] + r("y",
    0) # [true] | x |=> [3/4] + - r("G", 7) * [
    3602879701896397/36028797018963968] # [true], y |=> - r("G", 7) * [
    5404319552844595/18014398509481984] + r("y", 0) # [true] | not [2] < r("G",
    6) and not [5] < r("G", 5) and not [5] < r("G", 6) and not [5] < r("G", 7)
    and not [7/2] < r("G", 5) and not r("G", 5) < [0] and not r("G", 5) < [3/2]
    and not r("G", 6) < [0] and not r("G", 6) < r("G", 5) and not r("G", 7) <
    r("G", 6) and r("G", 7) === [5] and r("mode", 0) === [0] | < "G",8,5 >

Solution 3 (state 55)
states: 56  rewrites: 5134
RESULT:BATransResult --> loc([1]) | on1 |-> ([0] # b(0) : [true]), on2 |-> ([0]
    # b(1) : [true]), off1 |-> ([0] # b(2) : [true]), off2 |-> ([0] # b(3) : [
    true]), a |-> [3/4] + - r("G", 5) * [3602879701896397/36028797018963968] #
    [true], b |-> - r("G", 5) * [1/2] + [1/2] * r("G", 5) + [1/2] * r("G", 6) +
    r("y", 0) # [true] | x |=> [3/4] + - r("G", 7) * [
    3602879701896397/36028797018963968] # [true], y |=> - r("G", 5) * [1/2] + -
    r("G", 6) * [1/2] + [1/2] * r("G", 5) + [1/2] * r("G", 6) + [1/2] * r("G",
    7) + r("y", 0) # [true] | not [2] < r("G", 5) and not [5] < r("G", 5) and
    not [5] < r("G", 6) and not [5] < r("G", 7) and not [7/2] < r("G", 6) and
    not r("G", 5) < [0] and not r("G", 6) < [3/2] and not r("G", 6) < r("G", 5)
    and not r("G", 7) < r("G", 6) and r("G", 7) === [5] and r("mode", 0) === [
    1] | < "G",8,5 >

Solution 4 (state 56)
states: 57  rewrites: 5496
RESULT:BATransResult --> loc([1]) | on1 |-> ([0] # b(0) : [true]), on2 |-> ([0]
    # b(1) : [true]), off1 |-> ([0] # b(2) : [true]), off2 |-> ([0] # b(3) : [
    true]), a |-> [3/4] + - r("G", 6) * [3602879701896397/36028797018963968] #
    [true], b |-> [1/2] * r("G", 5) + r("y", 0) # [true] | x |=> [3/4] + - r(
    "G", 7) * [3602879701896397/36028797018963968] # [true], y |=> - r("G", 5)
    * [1/2] + - r("G", 6) * [1/2] + [1/2] * r("G", 5) + [1/2] * r("G", 6) + [
    1/2] * r("G", 7) + r("y", 0) # [true] | not [2] < r("G", 6) and not [5] <
    r("G", 5) and not [5] < r("G", 6) and not [5] < r("G", 7) and not [7/2] <
    r("G", 5) and not r("G", 5) < [0] and not r("G", 5) < [3/2] and not r("G",
    6) < [0] and not r("G", 6) < r("G", 5) and not r("G", 7) < r("G", 6) and r(
    "G", 7) === [5] and r("mode", 0) === [1] | < "G",8,5 >

Solution 5 (state 57)
states: 58  rewrites: 5858
RESULT:BATransResult --> loc([2]) | on1 |-> ([0] # b(0) : [true]), on2 |-> ([0]
    # b(1) : [true]), off1 |-> ([0] # b(2) : [true]), off2 |-> ([0] # b(3) : [
    true]), a |-> [3/4] + [3602879701896397/18014398509481984] * r("G", 5) # [
    true], b |-> - r("G", 6) * [5404319552844595/18014398509481984] + r("y", 0)
    # [true] | x |=> [3/4] + - r("G", 5) * [3602879701896397/18014398509481984]
    + - r("G", 6) * [3602879701896397/18014398509481984] + [
    3602879701896397/18014398509481984] * r("G", 5) + [
    3602879701896397/18014398509481984] * r("G", 6) + [
    3602879701896397/18014398509481984] * r("G", 7) # [true], y |=> - r("G", 7)
    * [5404319552844595/18014398509481984] + r("y", 0) # [true] | not [2] < r(
    "G", 5) and not [5] < r("G", 5) and not [5] < r("G", 6) and not [5] < r(
    "G", 7) and not [7/2] < r("G", 6) and not r("G", 5) < [0] and not r("G", 6)
    < [3/2] and not r("G", 6) < r("G", 5) and not r("G", 7) < r("G", 6) and r(
    "G", 7) === [5] and r("mode", 0) === [2] | < "G",8,5 >

Solution 6 (state 58)
states: 59  rewrites: 6220
RESULT:BATransResult --> loc([2]) | on1 |-> ([0] # b(0) : [true]), on2 |-> ([0]
    # b(1) : [true]), off1 |-> ([0] # b(2) : [true]), off2 |-> ([0] # b(3) : [
    true]), a |-> [3/4] + - r("G", 5) * [3602879701896397/18014398509481984] +
    [3602879701896397/18014398509481984] * r("G", 5) + [
    3602879701896397/18014398509481984] * r("G", 6) # [true], b |-> - r("G", 5)
    * [5404319552844595/18014398509481984] + r("y", 0) # [true] | x |=> [3/4] +
    - r("G", 5) * [3602879701896397/18014398509481984] + - r("G", 6) * [
    3602879701896397/18014398509481984] + [3602879701896397/18014398509481984]
    * r("G", 5) + [3602879701896397/18014398509481984] * r("G", 6) + [
    3602879701896397/18014398509481984] * r("G", 7) # [true], y |=> - r("G", 7)
    * [5404319552844595/18014398509481984] + r("y", 0) # [true] | not [2] < r(
    "G", 6) and not [5] < r("G", 5) and not [5] < r("G", 6) and not [5] < r(
    "G", 7) and not [7/2] < r("G", 5) and not r("G", 5) < [0] and not r("G", 5)
    < [3/2] and not r("G", 6) < [0] and not r("G", 6) < r("G", 5) and not r(
    "G", 7) < r("G", 6) and r("G", 7) === [5] and r("mode", 0) === [2] | < "G",
    8,5 >

Solution 7 (state 59)
states: 60  rewrites: 6582
RESULT:BATransResult --> loc([3]) | on1 |-> ([0] # b(0) : [true]), on2 |-> ([0]
    # b(1) : [true]), off1 |-> ([0] # b(2) : [true]), off2 |-> ([0] # b(3) : [
    true]), a |-> [3/4] + [3602879701896397/18014398509481984] * r("G", 5) # [
    true], b |-> - r("G", 5) * [1/2] + [1/2] * r("G", 5) + [1/2] * r("G", 6) +
    r("y", 0) # [true] | x |=> [3/4] + - r("G", 5) * [
    3602879701896397/18014398509481984] + - r("G", 6) * [
    3602879701896397/18014398509481984] + [3602879701896397/18014398509481984]
    * r("G", 5) + [3602879701896397/18014398509481984] * r("G", 6) + [
    3602879701896397/18014398509481984] * r("G", 7) # [true], y |=> - r("G", 5)
    * [1/2] + - r("G", 6) * [1/2] + [1/2] * r("G", 5) + [1/2] * r("G", 6) + [
    1/2] * r("G", 7) + r("y", 0) # [true] | not [2] < r("G", 5) and not [5] <
    r("G", 5) and not [5] < r("G", 6) and not [5] < r("G", 7) and not [7/2] <
    r("G", 6) and not r("G", 5) < [0] and not r("G", 6) < [3/2] and not r("G",
    6) < r("G", 5) and not r("G", 7) < r("G", 6) and r("G", 7) === [5] and r(
    "mode", 0) === [3] | < "G",8,5 >

Solution 8 (state 60)
states: 61  rewrites: 6944
RESULT:BATransResult --> loc([3]) | on1 |-> ([0] # b(0) : [true]), on2 |-> ([0]
    # b(1) : [true]), off1 |-> ([0] # b(2) : [true]), off2 |-> ([0] # b(3) : [
    true]), a |-> [3/4] + - r("G", 5) * [3602879701896397/18014398509481984] +
    [3602879701896397/18014398509481984] * r("G", 5) + [
    3602879701896397/18014398509481984] * r("G", 6) # [true], b |-> [1/2] * r(
    "G", 5) + r("y", 0) # [true] | x |=> [3/4] + - r("G", 5) * [
    3602879701896397/18014398509481984] + - r("G", 6) * [
    3602879701896397/18014398509481984] + [3602879701896397/18014398509481984]
    * r("G", 5) + [3602879701896397/18014398509481984] * r("G", 6) + [
    3602879701896397/18014398509481984] * r("G", 7) # [true], y |=> - r("G", 5)
    * [1/2] + - r("G", 6) * [1/2] + [1/2] * r("G", 5) + [1/2] * r("G", 6) + [
    1/2] * r("G", 7) + r("y", 0) # [true] | not [2] < r("G", 6) and not [5] <
    r("G", 5) and not [5] < r("G", 6) and not [5] < r("G", 7) and not [7/2] <
    r("G", 5) and not r("G", 5) < [0] and not r("G", 5) < [3/2] and not r("G",
    6) < [0] and not r("G", 6) < r("G", 5) and not r("G", 7) < r("G", 6) and r(
    "G", 7) === [5] and r("mode", 0) === [3] | < "G",8,5 >

No more solutions.
states: 61  rewrites: 7131
Bye.
