==========================================
reduce in TEST-THERMOSTATCON1CON-SYSTEM : initState .
rewrites: 351
result Object: < Thermostat1ConimplInstance : System | properties : ((
    TimingProperties::Period => {{(5).NzNat}}) ; (HybridSynchAADL::Synchronous
    => {{(true).Bool}}) ; HybridSynchAADL::MaxClockDeviation => {{
    1.0000000000000001e-1}}),features : none,subcomponents : (< console :
    System | properties : ((TimingProperties::Period => {{(5).NzNat}}) ; (
    HybridSynchAADL::Synchronous => {{(true).Bool}}) ;
    HybridSynchAADL::MaxClockDeviation => {{1.0000000000000001e-1}}),features :
    (< tempmax : DataOutPort | properties : DataModel::InitialValue => {{(
    50).NzNat}},content : [(50/1).Real] # [(true).Boolean] > < tempmin :
    DataOutPort | properties : DataModel::InitialValue => {{(20).NzNat}},
    content : [(20/1).Real] # [(true).Boolean] >),subcomponents : < consoleProc
    : Process | properties : ((TimingProperties::Period => {{(5).NzNat}}) ;
    HybridSynchAADL::Synchronous => {{(true).Bool}}),features : (< tempmax :
    DataOutPort | properties : none,content : [(0/1).Real] # [(false).Boolean]
    > < tempmin : DataOutPort | properties : none,content : [(0/1).Real] # [(
    false).Boolean] >),subcomponents : < consoleThread : Thread | properties :
    ((TimingProperties::Period => {{(5).NzNat}}) ; HybridSynchAADL::Synchronous
    => {{(true).Bool}}),features : (< tempmax : DataOutPort | properties :
    none,content : [(0/1).Real] # [(false).Boolean] > < tempmin : DataOutPort |
    properties : none,content : [(0/1).Real] # [(false).Boolean] >),
    subcomponents : none,connections : empty,varGen : <
    "Thermostat1ConimplInstance.console.consoleProc.consoleThread",0,0 >,
    currState : loc([(2/1).Real]),completeStates : loc([(2/1).Real]),variables
    : empty,transitions : ((loc([(1/1).Real]) -[[[(true).Bool]]]-> loc([(
    2/1).Real]) {(f{tempmax} := [[(50).NzNat]]) ; f{tempmin} := [[(
    20).NzNat]]}) ; loc([(2/1).Real]) -[on dispatch]-> loc([(1/1).Real]) {
    skip}),loopBound : 10,transBound : 10 >,connections : (((consoleThread ..
    tempmax) --> tempmax) ; (consoleThread .. tempmin) --> tempmin) >,
    connections : (((consoleProc .. tempmax) --> tempmax) ; (consoleProc ..
    tempmin) --> tempmin) > < controller : System | properties : ((
    TimingProperties::Period => {{(5).NzNat}}) ; (HybridSynchAADL::Synchronous
    => {{(true).Bool}}) ; (HybridSynchAADL::MaxClockDeviation => {{
    1.0000000000000001e-1}}) ; (HybridSynchAADL::SamplingTime => {{0.0 ..
    2.0}}) ; HybridSynchAADL::ResponseTime => {{3.0 .. 4.0}}),features : (<
    tempmax : DataInPort | properties : none,content : [(0/1).Real] # [(
    false).Boolean],cache : [(0/1).Real] # [(false).Boolean] > < oncontrol :
    DataOutPort | properties : none,content : * # [(false).Boolean] > <
    currtemp : DataInPort | properties : none,content : [(0/1).Real] # [(
    false).Boolean],cache : [(0/1).Real] # [(false).Boolean] > < offcontrol :
    DataOutPort | properties : none,content : * # [(false).Boolean] > < tempmin
    : DataInPort | properties : none,content : [(0/1).Real] # [(
    false).Boolean],cache : [(0/1).Real] # [(false).Boolean] >),subcomponents :
    < ctrlProc : Process | properties : ((TimingProperties::Period => {{(
    5).NzNat}}) ; HybridSynchAADL::Synchronous => {{(true).Bool}}),features : (
    < tempmax : DataInPort | properties : none,content : [(0/1).Real] # [(
    false).Boolean],cache : [(0/1).Real] # [(false).Boolean] > < oncontrol :
    DataOutPort | properties : none,content : * # [(false).Boolean] > <
    currtemp : DataInPort | properties : none,content : [(0/1).Real] # [(
    false).Boolean],cache : [(0/1).Real] # [(false).Boolean] > < offcontrol :
    DataOutPort | properties : none,content : * # [(false).Boolean] > < tempmin
    : DataInPort | properties : none,content : [(0/1).Real] # [(
    false).Boolean],cache : [(0/1).Real] # [(false).Boolean] >),subcomponents :
    < ctrlThread : Thread | properties : ((TimingProperties::Period => {{(
    5).NzNat}}) ; (HybridSynchAADL::Synchronous => {{(true).Bool}}) ; (
    HybridSynchAADL::SamplingTime => {{0.0 .. 2.0}}) ;
    HybridSynchAADL::ResponseTime => {{3.0 .. 4.0}}),features : (< tempmax :
    DataInPort | properties : none,content : [(0/1).Real] # [(false).Boolean],
    cache : [(0/1).Real] # [(false).Boolean] > < oncontrol : DataOutPort |
    properties : none,content : * # [(false).Boolean] > < currtemp : DataInPort
    | properties : none,content : [(0/1).Real] # [(false).Boolean],cache : [(
    0/1).Real] # [(false).Boolean] > < offcontrol : DataOutPort | properties :
    none,content : * # [(false).Boolean] > < tempmin : DataInPort | properties
    : none,content : [(0/1).Real] # [(false).Boolean],cache : [(0/1).Real] # [(
    false).Boolean] >),subcomponents : none,connections : empty,varGen : <
    "Thermostat1ConimplInstance.controller.ctrlProc.ctrlThread",0,0 >,currState
    : loc([(0/1).Real]),completeStates : loc([(0/1).Real]),variables : empty,
    transitions : loc([(0/1).Real]) -[on dispatch]-> loc([(0/1).Real]) {if(f[
    currtemp] > f[tempmax]){offcontrol !} (elsif(f[currtemp] < f[tempmin]){
    oncontrol !}) end if},loopBound : 10,transBound : 10 >,connections : ((
    tempmax --> (ctrlThread .. tempmax)) ; (currtemp --> (ctrlThread ..
    currtemp)) ; (tempmin --> (ctrlThread .. tempmin)) ; ((ctrlThread ..
    oncontrol) --> oncontrol) ; (ctrlThread .. offcontrol) --> offcontrol) >,
    connections : ((tempmax --> (ctrlProc .. tempmax)) ; (currtemp --> (
    ctrlProc .. currtemp)) ; (tempmin --> (ctrlProc .. tempmin)) ; ((ctrlProc
    .. oncontrol) --> oncontrol) ; (ctrlProc .. offcontrol) --> offcontrol) > <
    environment : Env | properties : ((TimingProperties::Period => {{(
    5).NzNat}}) ; (HybridSynchAADL::Synchronous => {{(true).Bool}}) ;
    HybridSynchAADL::MaxClockDeviation => {{1.0000000000000001e-1}}),features :
    (< oncontrol : EnvInPort | properties : none,content : * # [(
    false).Boolean],envCache : * # [b(
    'Thermostat1ConimplInstance.environment#$#0)] > < temp : EnvOutPort |
    properties : none,content : [r(
    'Thermostat1ConimplInstance.environment#$#0)] # [b(
    'Thermostat1ConimplInstance.environment#$#2)],envCache : [r(
    'Thermostat1ConimplInstance.environment#$#0)] # [b(
    'Thermostat1ConimplInstance.environment#$#2)],target : controller > <
    offcontrol : EnvInPort | properties : none,content : * # [(false).Boolean],
    envCache : * # [b('Thermostat1ConimplInstance.environment#$#1)] >),
    subcomponents : < x : Data | properties : DataModel::InitialValue => {{(
    16).NzNat}},features : none,subcomponents : none,connections : empty,value
    : [(16/1).Real] # [(true).Boolean] >,connections : x ==> temp,varGen : <
    "Thermostat1ConimplInstance.environment",1,3 >,currMode : loc([(
    3/1).Real]),jumps : ((loc([(3/1).Real]) -[oncontrol]-> loc([(4/1).Real])) ;
    (loc([(3/1).Real]) -[offcontrol]-> loc([(3/1).Real])) ; (loc([(4/1).Real])
    -[oncontrol]-> loc([(4/1).Real])) ; loc([(4/1).Real]) -[offcontrol]-> loc([
    (3/1).Real])),flows : ((loc([(3/1).Real]) [x(t)= ([[1.0000000000000001e-1]]
    * (minus([[3.0e+1]]) * v[t]))]) ; loc([(4/1).Real]) [x(t)= ([[
    1.0000000000000001e-1]] * (([[4.5e+1]] - [[3.0e+1]]) * v[t]))]),sampling :
    controller :(0,2),response : controller :(3,4) >),connections : (((console
    .. tempmax) --> (controller .. tempmax)) ; ((console .. tempmin) --> (
    controller .. tempmin)) ; ((controller .. oncontrol) --> (environment ..
    oncontrol)) ; ((controller .. offcontrol) --> (environment .. offcontrol))
    ; (environment .. temp) --> (controller .. currtemp)) >
==========================================
search [, 5] in TEST-THERMOSTATCON1CON-SYSTEM : {bool(true) || initState | 0 |
    infty} =>+ C:GlobalSystem .

No solution.
states: 1  rewrites: 683
==========================================
search [, 5] in TEST-THERMOSTATCON1CON-SYSTEM : {bool(true) || cinitState | 0 |
    infty} =>+ C:GlobalSystem .

No solution.
states: 1  rewrites: 660
Bye.
