==========================================
search [, 5] in TEST-THERMOSTAT-SYSTEM-HIE-MOD : {bool(true) || initState | 0 |
    infty} =>+ C:GlobalSystem .

No solution.
states: 1  rewrites: 463
==========================================
search [, 5] in TEST-THERMOSTAT-SYSTEM-HIE-MOD : {bool(true) || cinitState | 0
    | infty} =>+ C:GlobalSystem .

No solution.
states: 1  rewrites: 420
Bye.
