==========================================
reduce in TEST-THREAD-DYNAMICS-MOD : finalConst(obj1) .
rewrites: 36
result SMTBoolValue: [(true).Boolean]
==========================================
reduce in TEST-THREAD-DYNAMICS-MOD : finalConst(obj2) .
rewrites: 36
result SMTBoolValue: [(true).Boolean]
==========================================
search in TEST-THREAD-DYNAMICS-MOD : executeStep(bool(true), obj1 transIn(r(4)
    # bool(true), c1 .. inp)) =>* C:ConstConfig .

No solution.
states: 1  rewrites: 113
==========================================
search in TEST-THREAD-DYNAMICS-MOD : executeStep(bool(true), obj2 transIn(r(5)
    # bool(true), c2 .. inp)) =>* C:ConstConfig .

No solution.
states: 1  rewrites: 148
Bye.
