==========================================
search [, 5] in TEST-THERMOSTAT-SYSTEM-HIE : {bool(true) || initState | 0 |
    infty} =>+ C:GlobalSystem .

No solution.
states: 1  rewrites: 489
Bye.
