==========================================
reduce in SMT-TRANS : tr('`[_`]['-_['s_['0.Zero]]]) .
rewrites: 6
result Constant: '-1/1.Real
==========================================
reduce in SMT-TRANS : tr('_<_['_+_['`[_`]['_/_['s_^9['0.Zero],'s_^4['0.Zero]]],
    '-_['r['0.Zero]]],'`[_`]['0.Zero]]) .
rewrites: 34
result Term: '_<_['_+_['9/4.Real,'-_['V##0:Real]],'0/1.Real]
==========================================
reduce in SMT-TRANS : tr('_?_:_['_>_['r['s_['0.Zero]],'r['s_['0.Zero]]],'_/_[
    '`[_`]['_/_['s_^2['0.Zero],'s_^5['0.Zero]]],'`[_`]['0.Zero]],'_+_['_*_[
    '`[_`]['s_['0.Zero]],'`[_`]['_/_['s_^3['0.Zero],'s_^4['0.Zero]]]],'_*_[
    '`[_`]['s_^2['0.Zero]],'r['s_['0.Zero]]]]]) .
rewrites: 68
result Term: '_?_:_['_>_['V##1:Real,'V##1:Real],'_/_['2/5.Real,'0/1.Real],'_+_[
    '_*_['1/1.Real,'3/4.Real],'_*_['2/1.Real,'V##1:Real]]]
==========================================
reduce in SMT-CHECKSAT : tr(upTerm(b("e.f", 1) and r("a.b.c", 1) < [2])) .
rewrites: 48
result Term: '_and_['V#"e.f"#1:Boolean,'_<_['V#"a.b.c"#1:Real,'2/1.Real]]
==========================================
reduce in SMT-CHECKSAT : check-sat(r(0) < [3] and r(0) > [1/2]) .
rewrites: 46
result Bool: true
==========================================
reduce in SMT-CHECKSAT : check-sat(r(0) < [3/7] and r(0) > [1/2]) .
rewrites: 36
result Bool: false
==========================================
reduce in SMT-CHECKSAT : check-sat(r("a.b", 0) < [3] and r("a.b", 0) > [1/2]) .
rewrites: 43
result Bool: true
==========================================
reduce in SMT-CHECKSAT : check-sat(r("a", 0) < [3/7] and r("b", 0) > [1/2]) .
rewrites: 58
result Bool: true
==========================================
reduce in SMT-CHECKSAT : check-sat(r("a", 0) < [3/7] and r("a", 0) > [1/2]) .
rewrites: 28
result Bool: false
Bye.
