==========================================
reduce in SMT-CHECKSAT : simplify(b(0) and (b(0) or [(false).Boolean])) .
rewrites: 10
result SMTBoolExp: [simplifyFormula(b('#$#0) and ((false).Boolean or b(
    '#$#0)))]
==========================================
reduce in SMT-CHECKSAT : simplify(b(2) and [(true).Boolean] or b(4) === [(
    false).Boolean]) .
rewrites: 18
result SMTBoolExp: [simplifyFormula((true).Boolean and b('#$#2) or b('#$#4) ===
    (false).Boolean)]
==========================================
reduce in SMT-CHECKSAT : simplify(b(0) === b(0) ? b(2) and [(true).Boolean] :
    b(3)) .
rewrites: 25
result SMTBoolExp: [simplifyFormula(b('#$#0) === b('#$#0) ? (true).Boolean and
    b('#$#2) : b('#$#3))]
==========================================
reduce in SMT-CHECKSAT : simplify([(true).Boolean]) .
rewrites: 1
result SMTBoolExp: [simplifyFormula((true).Boolean)]
==========================================
reduce in SMT-CHECKSAT : simplify(not [(true).Boolean]) .
rewrites: 2
result SMTBoolExp: [simplifyFormula(not (true).Boolean)]
==========================================
reduce in SMT-CHECKSAT : simplify([(true).Boolean] and [(false).Boolean]) .
rewrites: 2
result SMTBoolExp: [simplifyFormula((true).Boolean and (false).Boolean)]
==========================================
reduce in SMT-CHECKSAT : simplify([(true).Boolean] xor [(false).Boolean]) .
rewrites: 2
result SMTBoolExp: [simplifyFormula((true).Boolean xor (false).Boolean)]
==========================================
reduce in SMT-CHECKSAT : simplify([(true).Boolean] or [(false).Boolean]) .
rewrites: 2
result SMTBoolExp: [simplifyFormula((true).Boolean or (false).Boolean)]
==========================================
reduce in SMT-CHECKSAT : simplify([(true).Boolean] implies [(false).Boolean]) .
rewrites: 2
result SMTBoolExp: [simplifyFormula((true).Boolean implies (false).Boolean)]
==========================================
reduce in SMT-CHECKSAT : simplify([(true).Boolean] === [(false).Boolean]) .
rewrites: 2
result SMTBoolExp: [simplifyFormula((true).Boolean === (false).Boolean)]
==========================================
reduce in SMT-CHECKSAT : simplify([(true).Boolean] =/== [(false).Boolean]) .
rewrites: 2
result SMTBoolExp: [simplifyFormula((true).Boolean =/== (false).Boolean)]
==========================================
reduce in SMT-CHECKSAT : simplify([(3/4).Real] * [(3/1).Real] < r(0)) .
rewrites: 10
result SMTBoolExp: [simplifyFormula((3/4).Real * (3/1).Real < r('#$#0))]
==========================================
reduce in SMT-CHECKSAT : simplify(r(1) > r(1) ? [(2/1).Real] / [(5/1).Real] : [
    (6/1).Real] + [(1/1).Real] * [(3/1).Real]) .
rewrites: 13
result SMTRealExp: [simplifyFormula(r('#$#1) > r('#$#1) ? (2/1).Real / (
    5/1).Real : (6/1).Real + (1/1).Real * (3/1).Real)]
==========================================
reduce in SMT-CHECKSAT : simplify([(1/1).Real] + [(2/1).Real] + - [(2/1).Real]
    + [(3/1).Real]) .
rewrites: 5
result SMTRealExp: [simplifyFormula((1/1).Real + ((2/1).Real + ((3/1).Real + -
    (2/1).Real)))]
==========================================
reduce in SMT-CHECKSAT : simplify([(1/1).Real] + [(1/1).Real]) .
rewrites: 2
result SMTRealExp: [simplifyFormula((1/1).Real + (1/1).Real)]
==========================================
reduce in SMT-CHECKSAT : simplify([(1/1).Real] * [(1/1).Real]) .
rewrites: 2
result SMTRealExp: [simplifyFormula((1/1).Real * (1/1).Real)]
==========================================
reduce in SMT-CHECKSAT : simplify([(1/1).Real] - [(1/1).Real]) .
rewrites: 2
result SMTRealExp: [simplifyFormula((1/1).Real - (1/1).Real)]
==========================================
reduce in SMT-CHECKSAT : simplify([(1/1).Real] / [(1/1).Real]) .
rewrites: 2
result SMTRealExp: [simplifyFormula((1/1).Real / (1/1).Real)]
==========================================
reduce in SMT-CHECKSAT : simplify([(1/1).Real] < [(1/1).Real]) .
rewrites: 2
result SMTBoolExp: [simplifyFormula((1/1).Real < (1/1).Real)]
==========================================
reduce in SMT-CHECKSAT : simplify([(1/1).Real] <= [(1/1).Real]) .
rewrites: 2
result SMTBoolExp: [simplifyFormula((1/1).Real <= (1/1).Real)]
==========================================
reduce in SMT-CHECKSAT : simplify([(1/1).Real] > [(1/1).Real]) .
rewrites: 2
result SMTBoolExp: [simplifyFormula((1/1).Real > (1/1).Real)]
==========================================
reduce in SMT-CHECKSAT : simplify([(1/1).Real] >= [(1/1).Real]) .
rewrites: 2
result SMTBoolExp: [simplifyFormula((1/1).Real >= (1/1).Real)]
Bye.
