==========================================
reduce in TEST-ENV-TRANSITION-SEMANTICS-META : execEnv(time([0]) mode(loc(r(
    "mode", 0))) vargen(< "G",5,5 >) sampling(cr1 :(0,1)) response(cr1 :(4/7,
    3)) jumps((loc([0]) -[on1]-> loc([1])) ; loc([1]) -[off1]-> loc([0]))
    flows((loc([0]) [x(t)= (c[x] - (v[t] * [[1.0000000000000001e-1]]))]) ; loc(
    [1]) [x(t)= (c[x] + (v[t] * [[2.0000000000000001e-1]]))]) bcf envcon(conx,
    envports)) .
rewrites: 1012
result BATransResult: loc(r("G", 7)) | on1 |-> ([0] # b(0) : [true]), on2 |-> (
    [0] # b(1) : [true]), off1 |-> ([0] # b(2) : [true]), off2 |-> ([0] # b(3)
    : [true]), a |-> r("G", 8) # [true] | x |=> r("G", 9) # [true], y |=> r(
    "y", 0) # [true] | not [2] < r("G", 5) and not r("G", 5) < [0] and not r(
    "G", 6) < r("G", 5) and r("G", 6) === [5] and r("G", 7) === [0] and r("G",
    8) === [3/4] + - r("G", 5) * [3602879701896397/36028797018963968] and r(
    "G", 9) === [3/4] + - r("G", 6) * [3602879701896397/36028797018963968] and
    r("mode", 0) === [0] or not [2] < r("G", 5) and not r("G", 5) < [0] and not
    r("G", 6) < r("G", 5) and r("G", 6) === [5] and r("G", 7) === [1] and r(
    "G", 8) === [3/4] + [3602879701896397/18014398509481984] * r("G", 5) and r(
    "G", 9) === [3/4] + - r("G", 5) * [3602879701896397/18014398509481984] + [
    3602879701896397/18014398509481984] * r("G", 5) + [
    3602879701896397/18014398509481984] * r("G", 6) and r("mode", 0) === [1] |
    < "G",10,5 >
==========================================
reduce in TEST-ENV-TRANSITION-SEMANTICS-META : execEnv(time([0]) mode(loc(r(
    "mode", 0))) vargen(< "G",5,5 >) sampling((cr1 :(0,1), cr2 :(3/2,5/2)))
    response((cr1 :(4/7,3), cr2 :(13/4,4))) jumps(trans) flows(flows) bcf
    envcon(conx, envports)) .
rewrites: 16187
result BATransResult: loc(r("G", 10)) | on1 |-> ([0] # b(0) : [true]), on2 |->
    ([0] # b(1) : [true]), off1 |-> ([0] # b(2) : [true]), off2 |-> ([0] # b(3)
    : [true]), a |-> r("G", 8) # [true], b |-> r("G", 9) # [true] | x |=> r(
    "G", 12) # [true], y |=> r("G", 11) # [true] | ((not [2] < r("G", 5) and
    not [7/2] < r("G", 6) and not r("G", 5) < [0] and not r("G", 6) < [3/2] and
    not r("G", 6) < r("G", 5) and not r("G", 7) < r("G", 6) and r("G", 7) === [
    5] and r("G", 8) === [3/4] + - r("G", 5) * [
    3602879701896397/36028797018963968] and r("G", 9) === - r("G", 6) * [
    5404319552844595/18014398509481984] + r("y", 0) and r("mode", 0) === [0] or
    not [2] < r("G", 6) and not [7/2] < r("G", 5) and not r("G", 5) < [0] and
    not r("G", 5) < [3/2] and not r("G", 6) < [0] and not r("G", 6) < r("G", 5)
    and not r("G", 7) < r("G", 6) and r("G", 7) === [5] and r("G", 8) === [3/4]
    + - r("G", 6) * [3602879701896397/36028797018963968] and r("G", 9) === - r(
    "G", 5) * [5404319552844595/18014398509481984] + r("y", 0) and r("mode", 0)
    === [0]) and r("G", 10) === [0] and r("G", 11) === - r("G", 7) * [
    5404319552844595/18014398509481984] + r("y", 0) or not [2] < r("G", 5) and
    not [7/2] < r("G", 6) and not r("G", 5) < [0] and not r("G", 6) < [3/2] and
    not r("G", 6) < r("G", 5) and not r("G", 7) < r("G", 6) and r("G", 7) === [
    5] and r("G", 8) === [3/4] + - r("G", 5) * [
    3602879701896397/36028797018963968] and r("G", 9) === - r("G", 5) * [1/2] +
    [1/2] * r("G", 5) + [1/2] * r("G", 6) + r("y", 0) and r("G", 10) === [1]
    and r("G", 11) === - r("G", 5) * [1/2] + - r("G", 6) * [1/2] + [1/2] * r(
    "G", 5) + [1/2] * r("G", 6) + [1/2] * r("G", 7) + r("y", 0) and r("mode",
    0) === [1] or not [2] < r("G", 6) and not [7/2] < r("G", 5) and not r("G",
    5) < [0] and not r("G", 5) < [3/2] and not r("G", 6) < [0] and not r("G",
    6) < r("G", 5) and not r("G", 7) < r("G", 6) and r("G", 7) === [5] and r(
    "G", 8) === [3/4] + - r("G", 6) * [3602879701896397/36028797018963968] and
    r("G", 9) === [1/2] * r("G", 5) + r("y", 0) and r("G", 10) === [1] and r(
    "G", 11) === - r("G", 5) * [1/2] + - r("G", 6) * [1/2] + [1/2] * r("G", 5)
    + [1/2] * r("G", 6) + [1/2] * r("G", 7) + r("y", 0) and r("mode", 0) === [
    1]) and r("G", 12) === [3/4] + - r("G", 7) * [
    3602879701896397/36028797018963968] or not [2] < r("G", 5) and not [7/2] <
    r("G", 6) and not r("G", 5) < [0] and not r("G", 6) < [3/2] and not r("G",
    6) < r("G", 5) and not r("G", 7) < r("G", 6) and r("G", 7) === [5] and r(
    "G", 8) === [3/4] + [3602879701896397/18014398509481984] * r("G", 5) and r(
    "G", 9) === - r("G", 6) * [5404319552844595/18014398509481984] + r("y", 0)
    and r("G", 10) === [2] and r("G", 11) === - r("G", 7) * [
    5404319552844595/18014398509481984] + r("y", 0) and r("G", 12) === [3/4] +
    - r("G", 5) * [3602879701896397/18014398509481984] + - r("G", 6) * [
    3602879701896397/18014398509481984] + [3602879701896397/18014398509481984]
    * r("G", 5) + [3602879701896397/18014398509481984] * r("G", 6) + [
    3602879701896397/18014398509481984] * r("G", 7) and r("mode", 0) === [2] or
    not [2] < r("G", 5) and not [7/2] < r("G", 6) and not r("G", 5) < [0] and
    not r("G", 6) < [3/2] and not r("G", 6) < r("G", 5) and not r("G", 7) < r(
    "G", 6) and r("G", 7) === [5] and r("G", 8) === [3/4] + [
    3602879701896397/18014398509481984] * r("G", 5) and r("G", 9) === - r("G",
    5) * [1/2] + [1/2] * r("G", 5) + [1/2] * r("G", 6) + r("y", 0) and r("G",
    10) === [3] and r("G", 11) === - r("G", 5) * [1/2] + - r("G", 6) * [1/2] +
    [1/2] * r("G", 5) + [1/2] * r("G", 6) + [1/2] * r("G", 7) + r("y", 0) and
    r("G", 12) === [3/4] + - r("G", 5) * [3602879701896397/18014398509481984] +
    - r("G", 6) * [3602879701896397/18014398509481984] + [
    3602879701896397/18014398509481984] * r("G", 5) + [
    3602879701896397/18014398509481984] * r("G", 6) + [
    3602879701896397/18014398509481984] * r("G", 7) and r("mode", 0) === [3] or
    not [2] < r("G", 6) and not [7/2] < r("G", 5) and not r("G", 5) < [0] and
    not r("G", 5) < [3/2] and not r("G", 6) < [0] and not r("G", 6) < r("G", 5)
    and not r("G", 7) < r("G", 6) and r("G", 7) === [5] and r("G", 8) === [3/4]
    + - r("G", 5) * [3602879701896397/18014398509481984] + [
    3602879701896397/18014398509481984] * r("G", 5) + [
    3602879701896397/18014398509481984] * r("G", 6) and r("G", 9) === - r("G",
    5) * [5404319552844595/18014398509481984] + r("y", 0) and r("G", 10) === [
    2] and r("G", 11) === - r("G", 7) * [5404319552844595/18014398509481984] +
    r("y", 0) and r("G", 12) === [3/4] + - r("G", 5) * [
    3602879701896397/18014398509481984] + - r("G", 6) * [
    3602879701896397/18014398509481984] + [3602879701896397/18014398509481984]
    * r("G", 5) + [3602879701896397/18014398509481984] * r("G", 6) + [
    3602879701896397/18014398509481984] * r("G", 7) and r("mode", 0) === [2] or
    not [2] < r("G", 6) and not [7/2] < r("G", 5) and not r("G", 5) < [0] and
    not r("G", 5) < [3/2] and not r("G", 6) < [0] and not r("G", 6) < r("G", 5)
    and not r("G", 7) < r("G", 6) and r("G", 7) === [5] and r("G", 8) === [3/4]
    + - r("G", 5) * [3602879701896397/18014398509481984] + [
    3602879701896397/18014398509481984] * r("G", 5) + [
    3602879701896397/18014398509481984] * r("G", 6) and r("G", 9) === [1/2] *
    r("G", 5) + r("y", 0) and r("G", 10) === [3] and r("G", 11) === - r("G", 5)
    * [1/2] + - r("G", 6) * [1/2] + [1/2] * r("G", 5) + [1/2] * r("G", 6) + [
    1/2] * r("G", 7) + r("y", 0) and r("G", 12) === [3/4] + - r("G", 5) * [
    3602879701896397/18014398509481984] + - r("G", 6) * [
    3602879701896397/18014398509481984] + [3602879701896397/18014398509481984]
    * r("G", 5) + [3602879701896397/18014398509481984] * r("G", 6) + [
    3602879701896397/18014398509481984] * r("G", 7) and r("mode", 0) === [3] |
    < "G",13,5 >
Bye.
