==========================================
reduce in TEST-FEATURE-OPERATION : readFeature((((< d : DataOutPort | content :
    * # b(0) > < e : DataOutPort | content : [(0).Zero] # [(false).Bool] >) < c
    : DataInPort | content : r(0) # b(0),cache : r(0) # b(1) >) < b :
    DataInPort | content : r(0) # [(true).Bool],cache : r(1) # [(true).Bool] >)
    < a : DataInPort | content : r(0) # [(false).Bool],cache : r(1) # [(
    false).Bool] >) .
rewrites: 71
result FeatureReadResult: {< a : DataInPort | content : [(0).Zero] # [(
    false).Bool],cache : r(0) # [(false).Bool] > < b : DataInPort | content : [
    (0).Zero] # [(false).Bool],cache : r(0) # [(true).Bool] > < c : DataInPort
    | content : [(0).Zero] # [(false).Bool],cache : r(0) # b(0) > < d :
    DataOutPort | content : * # b(0) > < e : DataOutPort | content : [(0).Zero]
    # [(false).Bool] >,a |-> (([(false).Bool] ? r(0) : r(1)) # [(false).Bool] :
    [(false).Bool]), b |-> (([(true).Bool] ? r(0) : r(1)) # [(true).Bool] : [(
    true).Bool]), c |-> ((b(0) ? r(0) : r(0)) # (b(0) or b(1)) : b(0)), d |-> *
    # [(false).Bool], e |-> [(0).Zero] # [(false).Bool]}
==========================================
reduce in TEST-FEATURE-OPERATION : writeFeature((d |-> * # [(true).Bool], e |->
    r(1) # b(1)), (((< d : DataOutPort | content : * # b(0) > < e : DataOutPort
    | content : [(0).Zero] # [(false).Bool] >) < c : DataInPort | content : r(
    0) # b(0),cache : r(0) # b(1) >) < b : DataInPort | content : r(0) # [(
    true).Bool],cache : r(1) # [(true).Bool] >) < a : DataInPort | content : r(
    0) # [(false).Bool],cache : r(1) # [(false).Bool] >) .
rewrites: 4
result Configuration: < a : DataInPort | content : r(0) # [(false).Bool],cache
    : r(1) # [(false).Bool] > < b : DataInPort | content : r(0) # [(
    true).Bool],cache : r(1) # [(true).Bool] > < c : DataInPort | content : r(
    0) # b(0),cache : r(0) # b(1) > < d : DataOutPort | content : * # [(
    true).Bool] > < e : DataOutPort | content : r(1) # b(1) >
==========================================
reduce in TEST-DATA-OPERATION : readData(< c1 : Data | value : [(3/4).Rat] # b(
    1),features : none,subcomponents : none,properties : none,connections :
    empty > < c2 : Data | value : r(0) # [(true).Bool],features : none,
    subcomponents : none,properties : none,connections : empty >) .
rewrites: 6
result DataValuation: c1 |=> [(3/4).PosRat] # b(1), c2 |=> r(0) # [(true).Bool]
==========================================
reduce in TEST-DATA-OPERATION : writeData((c1 |=> [(0).Zero] # [(true).Bool],
    c2 |=> [(1).NzNat] # b(1)), < c1 : Data | value : [(3/4).Rat] # b(1),
    features : none,subcomponents : none,properties : none,connections : empty
    > < c2 : Data | value : r(0) # [(true).Bool],features : none,subcomponents
    : none,properties : none,connections : empty >) .
rewrites: 4
result Configuration: < c1 : Data | properties : none,features : none,
    subcomponents : none,connections : empty,value : [(0).Zero] # [(true).Bool]
    > < c2 : Data | properties : none,features : none,subcomponents : none,
    connections : empty,value : [(1).NzNat] # b(1) >
Bye.
