==========================================
rewrite [100] in TEST-THERMOSTAT-SYSTEM : {initState | 0 | infty} .
rewrites: 7534
result GlobalSystem: {< top : System | properties : none,features : none,
    subcomponents : (< controller : AsyncThread | properties : ((
    TimingProperties::Period => {{5}}) ; (HybridSynchAADL::SamplingTime => {{
    0.0 .. 2.0}}) ; HybridSynchAADL::ResponseTime => {{3.0 .. 4.0}}),features :
    (< on : AsyncDataOutPort | properties : none,content : [0.0] # [(
    false).Bool],destination : (environment .. on) > < off : AsyncDataOutPort |
    properties : none,content : [0.0] # [(false).Bool],destination : (
    environment .. off) > < temp : AsyncDataInPort | properties : none,content
    : [0.0] # [(false).Bool],cache : [1.6487500000000004e+1] # [(true).Bool],
    destination : empty >),subcomponents : (< lower : Data | properties :
    DataModel::InitialValue => {{10}},features : none,subcomponents : none,
    connections : empty,value : [1.0e+1] # [(true).Bool] > < upper : Data |
    properties : DataModel::InitialValue => {{30}},features : none,
    subcomponents : none,connections : empty,value : [3.0e+1] # [(true).Bool] >
    < curr : Data | properties : DataModel::InitialValue => {{15}},features :
    none,subcomponents : none,connections : empty,value : [
    1.3363671875000001e+1] # [(true).Bool] >),connections : empty,varGen : <
    "top.controller" >,currState : init,completeStates : init,variables : x :
    Real,transitions : ((init -[on dispatch]-> state {(v{x} := ((c[curr] + f[
    temp]) / [[2]])) ; if(v[x] < c[lower])(on !([[1]])) (elsif(v[x] > c[
    upper])off !([[-1]])) end if ; c{curr} := v[x]}) ; state -[otherwise]->
    init {skip}),loopBound : 0,transBound : 2,period : 5,perTimer : 13/8,
    msgTimer : infty,execTime : 5/2,execTimer : infty > < environment :
    AsyncEnv | properties : ((TimingProperties::Period => {{5}}) ;
    HybridSynchAADL::MaxClockDeviation => {{1.0000000000000001e-1}}),features :
    (< on : AsyncEnvInPort | properties : none,content : [0.0] # [(
    false).Bool],envCache : null(Real),target : controller,destination : empty
    > < off : AsyncEnvInPort | properties : none,content : [0.0] # [(
    false).Bool],envCache : null(Real),target : controller,destination : empty
    > < out : AsyncEnvOutPort | properties : none,content : [0.0] # [(
    false).Bool],envCache : null(Real),target : controller,destination : (
    controller .. temp) >),subcomponents : (< x : Data | properties :
    DataModel::InitialValue => {{0}},features : none,subcomponents : none,
    connections : empty,value : [1.8175000000000004e+1] # [(true).Bool] > < e :
    Data | properties : DataModel::InitialValue => {{0}},features : none,
    subcomponents : none,connections : empty,value : [1.0] # [(true).Bool] >),
    connections : ((x ==> out) ; (on =>> e) ; off =>> e),varGen : <
    "top.environment" >,currMode : state,jumps : ((init -[on]-> state) ; (init
    -[off]-> init) ; (state -[on]-> state) ; state -[off]-> init),flows : ((
    init [x(t)= ((c[x] + c[e]) + (v[t] * [[2.0000000000000001e-1]]))]) ; state
    [x(t)= ((c[x] + c[e]) - (v[t] * [[1.0000000000000001e-1]]))]),sampling :
    controller :(0,2),response : controller :(3,4),period : 5,perTimer : 13/8,
    msgTimer : infty,samplingTimes : controller : (1/4, 3/4, 5/4, 7/4),
    responseTimes : controller : (25/8, 27/8, 29/8, 31/8),envState : idle,
    envTimer : 0 >) > | 227/8 | infty}
==========================================
search in TEST-THERMOSTAT-SYSTEM : {initState | 0 | 25} =>* {none | T | 25} .

No solution.
states: 1036774  rewrites: 58468902
Bye.
